small-config-edit jsondiffpatch-rs ok
small-config-edit jsondiffpatch-js-0.7.6 ok
identical-2000 jsondiffpatch-rs ok
identical-2000 jsondiffpatch-js-0.7.6 ok
prepend-2000 jsondiffpatch-rs ok
prepend-2000 jsondiffpatch-js-0.7.6 ok
middle-insert-2000 jsondiffpatch-rs ok
middle-insert-2000 jsondiffpatch-js-0.7.6 ok
rotate-2000 jsondiffpatch-rs ok
rotate-2000 jsondiffpatch-js-0.7.6 ok
reverse-2000 jsondiffpatch-rs ok
reverse-2000 jsondiffpatch-js-0.7.6 ok
disjoint-2000 jsondiffpatch-rs ok
disjoint-2000 jsondiffpatch-js-0.7.6 ok
sparse-edit-2000 jsondiffpatch-rs ok
sparse-edit-2000 jsondiffpatch-js-0.7.6 ok
identical-20000 jsondiffpatch-rs ok
identical-20000 jsondiffpatch-js-0.7.6 ok
prepend-20000 jsondiffpatch-rs ok
prepend-20000 jsondiffpatch-js-0.7.6 ok
middle-insert-20000 jsondiffpatch-rs ok
middle-insert-20000 jsondiffpatch-js-0.7.6 ok
rotate-20000 jsondiffpatch-rs ok
reverse-20000 jsondiffpatch-rs ok
disjoint-20000 jsondiffpatch-rs ok
sparse-edit-20000 jsondiffpatch-rs ok
keyed-rotate-edit-100 jsondiffpatch-rs ok
keyed-rotate-edit-100 jsondiffpatch-js-0.7.6 ok
keyed-rotate-edit-2000 jsondiffpatch-rs ok
keyed-rotate-edit-2000 jsondiffpatch-js-0.7.6 ok
crates-metadata-rotate-edit-100 jsondiffpatch-rs ok
crates-metadata-rotate-edit-100 jsondiffpatch-js-0.7.6 ok
long-text-ascii jsondiffpatch-rs ok
long-text-ascii jsondiffpatch-js-0.7.6 ok
long-text-unicode jsondiffpatch-rs ok
long-text-unicode jsondiffpatch-js-0.7.6 ok
{"measured": 36, "skipped": 4}
