small-config-edit json-patch: verified; ops=1 bytes=53
small-config-edit plain: verified; ops=1 bytes=53
small-config-edit optimized: verified; ops=1 bytes=53
rotate-2000 plain: verified; ops=1 bytes=42
rotate-2000 optimized: verified; ops=1 bytes=42
rotate-2000 json-patch: verified; ops=2000 bytes=112891
disjoint-2000 optimized: verified; ops=1 bytes=34038
disjoint-2000 json-patch: verified; ops=2000 bytes=112891
disjoint-2000 plain: verified; ops=4000 bytes=165781
keyed-rotate-edit-2000 json-patch: verified; ops=8000 bytes=479232
keyed-rotate-edit-2000 plain: verified; ops=2 bytes=116
keyed-rotate-edit-2000 optimized: verified; ops=2 bytes=116
long-text-ascii plain: verified; ops=1 bytes=180044
long-text-ascii optimized: verified; ops=1 bytes=180044
long-text-ascii json-patch: verified; ops=1 bytes=180044
halfswap-500 optimized: verified; ops=1 bytes=8538
halfswap-500 json-patch: verified; ops=500 bytes=27891
halfswap-500 plain: verified; ops=250 bytes=10001
small-config-edit plain: verified; ops=1 bytes=53
small-config-edit optimized: verified; ops=1 bytes=53
small-config-edit json-patch: verified; ops=1 bytes=53
rotate-2000 optimized: verified; ops=1 bytes=42
rotate-2000 json-patch: verified; ops=2000 bytes=112891
rotate-2000 plain: verified; ops=1 bytes=42
disjoint-2000 json-patch: verified; ops=2000 bytes=112891
disjoint-2000 plain: verified; ops=4000 bytes=165781
disjoint-2000 optimized: verified; ops=1 bytes=34038
keyed-rotate-edit-2000 plain: verified; ops=2 bytes=116
keyed-rotate-edit-2000 optimized: verified; ops=2 bytes=116
keyed-rotate-edit-2000 json-patch: verified; ops=8000 bytes=479232
long-text-ascii optimized: verified; ops=1 bytes=180044
long-text-ascii json-patch: verified; ops=1 bytes=180044
long-text-ascii plain: verified; ops=1 bytes=180044
halfswap-500 json-patch: verified; ops=500 bytes=27891
halfswap-500 plain: verified; ops=250 bytes=10001
halfswap-500 optimized: verified; ops=1 bytes=8538
small-config-edit optimized: verified; ops=1 bytes=53
small-config-edit json-patch: verified; ops=1 bytes=53
small-config-edit plain: verified; ops=1 bytes=53
rotate-2000 json-patch: verified; ops=2000 bytes=112891
rotate-2000 plain: verified; ops=1 bytes=42
rotate-2000 optimized: verified; ops=1 bytes=42
disjoint-2000 plain: verified; ops=4000 bytes=165781
disjoint-2000 optimized: verified; ops=1 bytes=34038
disjoint-2000 json-patch: verified; ops=2000 bytes=112891
keyed-rotate-edit-2000 optimized: verified; ops=2 bytes=116
keyed-rotate-edit-2000 json-patch: verified; ops=8000 bytes=479232
keyed-rotate-edit-2000 plain: verified; ops=2 bytes=116
long-text-ascii json-patch: verified; ops=1 bytes=180044
long-text-ascii plain: verified; ops=1 bytes=180044
long-text-ascii optimized: verified; ops=1 bytes=180044
halfswap-500 plain: verified; ops=250 bytes=10001
halfswap-500 optimized: verified; ops=1 bytes=8538
halfswap-500 json-patch: verified; ops=500 bytes=27891
{"verified": 54, "measured": 54, "dry_run": false, "output": "/Users/apple/Desktop/code/AI/tool/secrets/jsondiffpatch-rs/results/standard-benchmark-20260930T174815.824072Z"}
