small-config-edit plain: verified; ops=1 bytes=53
rotate-2000 plain: verified; ops=1 bytes=42
disjoint-2000 plain: verified; ops=4000 bytes=165781
keyed-rotate-edit-2000 plain: verified; ops=2 bytes=116
long-text-ascii plain: verified; ops=1 bytes=180044
halfswap-500 plain: verified; ops=250 bytes=10001
unicode-first plain: verified; ops=1 bytes=230046
unicode-middle plain: verified; ops=1 bytes=230046
unicode-last plain: verified; ops=1 bytes=230046
unicode-three-edits plain: verified; ops=1 bytes=230060
unicode-disjoint plain: verified; ops=1 bytes=250039
shuffle-2000 plain: verified; ops=1992 bytes=81344
reverse-2000 plain: verified; ops=1999 bytes=80853
shuffle-20000 plain: verified; ops=19944 bytes=873034
reverse-20000 plain: verified; ops=19999 bytes=828853
duplicates-high-2000 plain: verified; ops=42 bytes=1500
duplicates-low-2000 plain: verified; ops=77 bytes=2962
ambiguous-ids-2000 plain: verified; ops=2021 bytes=100688
small-config-edit plain: verified; ops=1 bytes=53
rotate-2000 plain: verified; ops=1 bytes=42
disjoint-2000 plain: verified; ops=4000 bytes=165781
keyed-rotate-edit-2000 plain: verified; ops=2 bytes=116
long-text-ascii plain: verified; ops=1 bytes=180044
halfswap-500 plain: verified; ops=250 bytes=10001
unicode-first plain: verified; ops=1 bytes=230046
unicode-middle plain: verified; ops=1 bytes=230046
unicode-last plain: verified; ops=1 bytes=230046
unicode-three-edits plain: verified; ops=1 bytes=230060
unicode-disjoint plain: verified; ops=1 bytes=250039
shuffle-2000 plain: verified; ops=1992 bytes=81344
reverse-2000 plain: verified; ops=1999 bytes=80853
duplicates-high-2000 plain: verified; ops=42 bytes=1500
duplicates-low-2000 plain: verified; ops=77 bytes=2962
ambiguous-ids-2000 plain: verified; ops=2021 bytes=100688
small-config-edit plain: verified; ops=1 bytes=53
rotate-2000 plain: verified; ops=1 bytes=42
disjoint-2000 plain: verified; ops=4000 bytes=165781
keyed-rotate-edit-2000 plain: verified; ops=2 bytes=116
long-text-ascii plain: verified; ops=1 bytes=180044
halfswap-500 plain: verified; ops=250 bytes=10001
unicode-first plain: verified; ops=1 bytes=230046
unicode-middle plain: verified; ops=1 bytes=230046
unicode-last plain: verified; ops=1 bytes=230046
unicode-three-edits plain: verified; ops=1 bytes=230060
unicode-disjoint plain: verified; ops=1 bytes=250039
shuffle-2000 plain: verified; ops=1992 bytes=81344
reverse-2000 plain: verified; ops=1999 bytes=80853
duplicates-high-2000 plain: verified; ops=42 bytes=1500
duplicates-low-2000 plain: verified; ops=77 bytes=2962
ambiguous-ids-2000 plain: verified; ops=2021 bytes=100688
{"verified": 50, "measured": 48, "budget_skipped": 0, "unsupported": 0, "dry_run": false, "output": "/Users/apple/Desktop/code/AI/tool/secrets/jsondiffpatch-rs/results/standard-benchmark-export-20260930T214448.844863Z"}
