small-config-edit json-patch: verified; ops=1 bytes=53
small-config-edit plain: verified; ops=1 bytes=53
small-config-edit optimized: verified; ops=1 bytes=53
rotate-2000 plain: verified; ops=1 bytes=42
rotate-2000 optimized: verified; ops=1 bytes=42
rotate-2000 json-patch: verified; ops=2000 bytes=112891
disjoint-2000 optimized: verified; ops=1 bytes=34038
disjoint-2000 json-patch: verified; ops=2000 bytes=112891
disjoint-2000 plain: verified; ops=4000 bytes=165781
keyed-rotate-edit-2000 json-patch: verified; ops=8000 bytes=479232
keyed-rotate-edit-2000 plain: verified; ops=2 bytes=116
keyed-rotate-edit-2000 optimized: verified; ops=2 bytes=116
long-text-ascii plain: verified; ops=1 bytes=180044
long-text-ascii optimized: verified; ops=1 bytes=180044
long-text-ascii json-patch: verified; ops=1 bytes=180044
halfswap-500 optimized: verified; ops=1 bytes=8538
halfswap-500 json-patch: verified; ops=500 bytes=27891
halfswap-500 plain: verified; ops=250 bytes=10001
unicode-first json-patch: verified; ops=1 bytes=230046
unicode-first plain: verified; ops=1 bytes=230046
unicode-first optimized: verified; ops=1 bytes=230046
unicode-middle plain: verified; ops=1 bytes=230046
unicode-middle optimized: verified; ops=1 bytes=230046
unicode-middle json-patch: verified; ops=1 bytes=230046
unicode-last optimized: verified; ops=1 bytes=230046
unicode-last json-patch: verified; ops=1 bytes=230046
unicode-last plain: verified; ops=1 bytes=230046
unicode-three-edits json-patch: verified; ops=1 bytes=230060
unicode-three-edits plain: verified; ops=1 bytes=230060
unicode-three-edits optimized: verified; ops=1 bytes=230060
unicode-disjoint plain: verified; ops=1 bytes=250039
unicode-disjoint optimized: verified; ops=1 bytes=250039
unicode-disjoint json-patch: verified; ops=1 bytes=250039
shuffle-2000 optimized: verified; ops=1 bytes=8928
shuffle-2000 json-patch: verified; ops=1996 bytes=87609
shuffle-2000 plain: verified; ops=1992 bytes=81344
reverse-2000 json-patch: verified; ops=2000 bytes=87781
reverse-2000 plain: verified; ops=1999 bytes=80853
reverse-2000 optimized: verified; ops=1 bytes=8928
duplicates-high-2000 plain: verified; ops=42 bytes=1500
duplicates-high-2000 optimized: verified; ops=42 bytes=1500
duplicates-high-2000 json-patch: verified; ops=2000 bytes=82951
duplicates-low-2000 optimized: verified; ops=77 bytes=2962
duplicates-low-2000 json-patch: verified; ops=2000 bytes=86693
duplicates-low-2000 plain: verified; ops=77 bytes=2962
ambiguous-ids-2000 json-patch: verified; ops=4000 bytes=190039
ambiguous-ids-2000 plain: verified; ops=2021 bytes=100688
ambiguous-ids-2000 optimized: verified; ops=1 bytes=44296
small-config-edit plain: verified; ops=1 bytes=53
small-config-edit optimized: verified; ops=1 bytes=53
small-config-edit json-patch: verified; ops=1 bytes=53
rotate-2000 optimized: verified; ops=1 bytes=42
rotate-2000 json-patch: verified; ops=2000 bytes=112891
rotate-2000 plain: verified; ops=1 bytes=42
disjoint-2000 json-patch: verified; ops=2000 bytes=112891
disjoint-2000 plain: verified; ops=4000 bytes=165781
disjoint-2000 optimized: verified; ops=1 bytes=34038
keyed-rotate-edit-2000 plain: verified; ops=2 bytes=116
keyed-rotate-edit-2000 optimized: verified; ops=2 bytes=116
keyed-rotate-edit-2000 json-patch: verified; ops=8000 bytes=479232
long-text-ascii optimized: verified; ops=1 bytes=180044
long-text-ascii json-patch: verified; ops=1 bytes=180044
long-text-ascii plain: verified; ops=1 bytes=180044
halfswap-500 json-patch: verified; ops=500 bytes=27891
halfswap-500 plain: verified; ops=250 bytes=10001
halfswap-500 optimized: verified; ops=1 bytes=8538
unicode-first plain: verified; ops=1 bytes=230046
unicode-first optimized: verified; ops=1 bytes=230046
unicode-first json-patch: verified; ops=1 bytes=230046
unicode-middle optimized: verified; ops=1 bytes=230046
unicode-middle json-patch: verified; ops=1 bytes=230046
unicode-middle plain: verified; ops=1 bytes=230046
unicode-last json-patch: verified; ops=1 bytes=230046
unicode-last plain: verified; ops=1 bytes=230046
unicode-last optimized: verified; ops=1 bytes=230046
unicode-three-edits plain: verified; ops=1 bytes=230060
unicode-three-edits optimized: verified; ops=1 bytes=230060
unicode-three-edits json-patch: verified; ops=1 bytes=230060
unicode-disjoint optimized: verified; ops=1 bytes=250039
unicode-disjoint json-patch: verified; ops=1 bytes=250039
unicode-disjoint plain: verified; ops=1 bytes=250039
shuffle-2000 json-patch: verified; ops=1996 bytes=87609
shuffle-2000 plain: verified; ops=1992 bytes=81344
shuffle-2000 optimized: verified; ops=1 bytes=8928
reverse-2000 plain: verified; ops=1999 bytes=80853
reverse-2000 optimized: verified; ops=1 bytes=8928
reverse-2000 json-patch: verified; ops=2000 bytes=87781
duplicates-high-2000 optimized: verified; ops=42 bytes=1500
duplicates-high-2000 json-patch: verified; ops=2000 bytes=82951
duplicates-high-2000 plain: verified; ops=42 bytes=1500
duplicates-low-2000 json-patch: verified; ops=2000 bytes=86693
duplicates-low-2000 plain: verified; ops=77 bytes=2962
duplicates-low-2000 optimized: verified; ops=77 bytes=2962
ambiguous-ids-2000 plain: verified; ops=2021 bytes=100688
ambiguous-ids-2000 optimized: verified; ops=1 bytes=44296
ambiguous-ids-2000 json-patch: verified; ops=4000 bytes=190039
small-config-edit optimized: verified; ops=1 bytes=53
small-config-edit json-patch: verified; ops=1 bytes=53
small-config-edit plain: verified; ops=1 bytes=53
rotate-2000 json-patch: verified; ops=2000 bytes=112891
rotate-2000 plain: verified; ops=1 bytes=42
rotate-2000 optimized: verified; ops=1 bytes=42
disjoint-2000 plain: verified; ops=4000 bytes=165781
disjoint-2000 optimized: verified; ops=1 bytes=34038
disjoint-2000 json-patch: verified; ops=2000 bytes=112891
keyed-rotate-edit-2000 optimized: verified; ops=2 bytes=116
keyed-rotate-edit-2000 json-patch: verified; ops=8000 bytes=479232
keyed-rotate-edit-2000 plain: verified; ops=2 bytes=116
long-text-ascii json-patch: verified; ops=1 bytes=180044
long-text-ascii plain: verified; ops=1 bytes=180044
long-text-ascii optimized: verified; ops=1 bytes=180044
halfswap-500 plain: verified; ops=250 bytes=10001
halfswap-500 optimized: verified; ops=1 bytes=8538
halfswap-500 json-patch: verified; ops=500 bytes=27891
unicode-first optimized: verified; ops=1 bytes=230046
unicode-first json-patch: verified; ops=1 bytes=230046
unicode-first plain: verified; ops=1 bytes=230046
unicode-middle json-patch: verified; ops=1 bytes=230046
unicode-middle plain: verified; ops=1 bytes=230046
unicode-middle optimized: verified; ops=1 bytes=230046
unicode-last plain: verified; ops=1 bytes=230046
unicode-last optimized: verified; ops=1 bytes=230046
unicode-last json-patch: verified; ops=1 bytes=230046
unicode-three-edits optimized: verified; ops=1 bytes=230060
unicode-three-edits json-patch: verified; ops=1 bytes=230060
unicode-three-edits plain: verified; ops=1 bytes=230060
unicode-disjoint json-patch: verified; ops=1 bytes=250039
unicode-disjoint plain: verified; ops=1 bytes=250039
unicode-disjoint optimized: verified; ops=1 bytes=250039
shuffle-2000 plain: verified; ops=1992 bytes=81344
shuffle-2000 optimized: verified; ops=1 bytes=8928
shuffle-2000 json-patch: verified; ops=1996 bytes=87609
reverse-2000 optimized: verified; ops=1 bytes=8928
reverse-2000 json-patch: verified; ops=2000 bytes=87781
reverse-2000 plain: verified; ops=1999 bytes=80853
duplicates-high-2000 json-patch: verified; ops=2000 bytes=82951
duplicates-high-2000 plain: verified; ops=42 bytes=1500
duplicates-high-2000 optimized: verified; ops=42 bytes=1500
duplicates-low-2000 plain: verified; ops=77 bytes=2962
duplicates-low-2000 optimized: verified; ops=77 bytes=2962
duplicates-low-2000 json-patch: verified; ops=2000 bytes=86693
ambiguous-ids-2000 optimized: verified; ops=1 bytes=44296
ambiguous-ids-2000 json-patch: verified; ops=4000 bytes=190039
ambiguous-ids-2000 plain: verified; ops=2021 bytes=100688
{"verified": 144, "measured": 144, "budget_skipped": 0, "unsupported": 0, "dry_run": false, "output": "/Users/apple/Desktop/code/AI/tool/secrets/jsondiffpatch-rs/results/standard-benchmark-pipeline-20260930T214341.446185Z"}
